Error: Server down
Error: Timeout
